// Vitest Snapshot v1, https://vitest.dev/guide/snapshot.html

exports[`Should match snapshop 1`] = `
<DocumentFragment>
  <div
    class="Dog"
  >
    <h1>
      Rusty
    </h1>
    <p>
      Rusty has been adopted
    </p>
  </div>
</DocumentFragment>
`;
